I'm sorry, but errors were detected in your script. Please correct the
errors listed below, and try again.


File "game/sans.rpy", line 56: Line is indented, but the preceding hide statement statement does not expect a block. Please check this line's indentation.
    show Ika10
    ^

Ren'Py Version: Ren'Py 7.1.1.929
Mon Oct 22 13:11:33 2018
